Copyright 1986-2022 Xilinx, Inc. All Rights Reserved. Copyright 2022-2024 Advanced Micro Devices, Inc. All Rights Reserved.
---------------------------------------------------------------------------------------------------------------------------------------------
| Tool Version : Vivado v.2024.1 (lin64) Build 5076996 Wed May 22 18:36:09 MDT 2024
| Date         : Wed Sep  4 18:31:23 2024
| Host         : archlinux running 64-bit Arch Linux
| Command      : report_control_sets -verbose -file open_list_queue_control_sets_placed.rpt
| Design       : open_list_queue
| Device       : xcu250
---------------------------------------------------------------------------------------------------------------------------------------------

Control Set Information

Table of Contents
-----------------
1. Summary
2. Histogram
3. Flip-Flop Distribution
4. Detailed Control Set Information

1. Summary
----------

+----------------------------------------------------------+-------+
|                          Status                          | Count |
+----------------------------------------------------------+-------+
| Total control sets                                       |    63 |
|    Minimum number of control sets                        |    63 |
|    Addition due to synthesis replication                 |     0 |
|    Addition due to physical synthesis replication        |     0 |
| Unused register locations in slices containing registers |     0 |
+----------------------------------------------------------+-------+
* Control sets can be merged at opt_design using control_set_merge or merge_equivalent_drivers
** Run report_qor_suggestions for automated merging and remapping suggestions


2. Histogram
------------

+--------------------+-------+
|       Fanout       | Count |
+--------------------+-------+
| Total control sets |    63 |
| >= 0 to < 4        |     0 |
| >= 4 to < 6        |     0 |
| >= 6 to < 8        |     0 |
| >= 8 to < 10       |     0 |
| >= 10 to < 12      |     0 |
| >= 12 to < 14      |     0 |
| >= 14 to < 16      |     0 |
| >= 16              |    63 |
+--------------------+-------+
* Control sets can be remapped at either synth_design or opt_design


3. Flip-Flop Distribution
-------------------------

+--------------+-----------------------+------------------------+-----------------+--------------+
| Clock Enable | Synchronous Set/Reset | Asynchronous Set/Reset | Total Registers | Total Slices |
+--------------+-----------------------+------------------------+-----------------+--------------+
| No           | No                    | No                     |            2016 |         1429 |
| No           | No                    | Yes                    |               0 |            0 |
| No           | Yes                   | No                     |               0 |            0 |
| Yes          | No                    | No                     |               0 |            0 |
| Yes          | No                    | Yes                    |               0 |            0 |
| Yes          | Yes                   | No                     |               0 |            0 |
+--------------+-----------------------+------------------------+-----------------+--------------+


4. Detailed Control Set Information
-----------------------------------

+------------------------------------------+---------------+------------------+------------------+----------------+--------------+
|               Clock Signal               | Enable Signal | Set/Reset Signal | Slice Load Count | Bel Load Count | Bels / Slice |
+------------------------------------------+---------------+------------------+------------------+----------------+--------------+
|  ob_reg[53][f_value][31]_i_2_n_12        |               |                  |               25 |             32 |         1.28 |
|  ob_reg[3][f_value][31]_i_2_n_12         |               |                  |               19 |             32 |         1.68 |
|  ob_reg[40][f_value][31]_i_2_n_12        |               |                  |               26 |             32 |         1.23 |
|  ob_reg[41][f_value][31]_i_2_n_12        |               |                  |               28 |             32 |         1.14 |
|  ob_reg[42][f_value][31]_i_2_n_12        |               |                  |               23 |             32 |         1.39 |
|  ob_reg[43][f_value][31]_i_2_n_12        |               |                  |               27 |             32 |         1.19 |
|  ob_reg[44][f_value][31]_i_2_n_12        |               |                  |               21 |             32 |         1.52 |
|  ob_reg[45][f_value][31]_i_2_n_12        |               |                  |               28 |             32 |         1.14 |
|  ob_reg[46][f_value][31]_i_2_n_12        |               |                  |               20 |             32 |         1.60 |
|  ob_reg[47][f_value][31]_i_2_n_12        |               |                  |               28 |             32 |         1.14 |
|  ob_reg[48][f_value][31]_i_2_n_12        |               |                  |               29 |             32 |         1.10 |
|  ob_reg[49][f_value][31]_i_2_n_12        |               |                  |               29 |             32 |         1.10 |
|  ob_reg[4][f_value][31]_i_2_n_12         |               |                  |               17 |             32 |         1.88 |
|  ob_reg[50][f_value][31]_i_2_n_12        |               |                  |               25 |             32 |         1.28 |
|  ob_reg[51][f_value][31]_i_2_n_12        |               |                  |               25 |             32 |         1.28 |
|  ob_reg[52][f_value][31]_i_2_n_12        |               |                  |               25 |             32 |         1.28 |
|  ob_reg[39][f_value][31]_i_2_n_12        |               |                  |               29 |             32 |         1.10 |
|  ob_reg[54][f_value][31]_i_2_n_12        |               |                  |               28 |             32 |         1.14 |
|  ob_reg[55][f_value][31]_i_2_n_12        |               |                  |               27 |             32 |         1.19 |
|  ob_reg[56][f_value][31]_i_2_n_12        |               |                  |               31 |             32 |         1.03 |
|  ob_reg[57][f_value][31]_i_2_n_12        |               |                  |               25 |             32 |         1.28 |
|  ob_reg[58][f_value][31]_i_2_n_12        |               |                  |               20 |             32 |         1.60 |
|  ob_reg[59][f_value][31]_i_2_n_12        |               |                  |               25 |             32 |         1.28 |
|  ob_reg[5][f_value][31]_i_2_n_12         |               |                  |               20 |             32 |         1.60 |
|  ob_reg[60][f_value][31]_i_2_n_12        |               |                  |               23 |             32 |         1.39 |
|  ob_reg[61][f_value][31]_i_2_n_12        |               |                  |               28 |             32 |         1.14 |
|  ob_reg[62][f_value][31]_i_2_n_12        |               |                  |               26 |             32 |         1.23 |
|  ob_reg[63][f_value][31]_i_2_n_12        |               |                  |               23 |             32 |         1.39 |
|  ob_reg[6][f_value][31]_i_2_n_12         |               |                  |               19 |             32 |         1.68 |
|  ob_reg[7][f_value][31]_i_2_n_12         |               |                  |               15 |             32 |         2.13 |
|  ob_reg[8][f_value][31]_i_2_n_12         |               |                  |               28 |             32 |         1.14 |
|  ob_reg[9][f_value][31]_i_2_n_12         |               |                  |               28 |             32 |         1.14 |
|  ob_reg[14][f_value][31]_i_2_n_12_BUFGCE |               |                  |               27 |             32 |         1.19 |
|  n_10_2711_BUFG                          |               |                  |               22 |             32 |         1.45 |
|  n_11_2712_BUFG                          |               |                  |               27 |             32 |         1.19 |
|  n_1_2704_BUFG                           |               |                  |               27 |             32 |         1.19 |
|  n_2_2705_BUFG                           |               |                  |               28 |             32 |         1.14 |
|  n_3_2706_BUFG                           |               |                  |               27 |             32 |         1.19 |
|  n_4_2707_BUFG                           |               |                  |               20 |             32 |         1.60 |
|  n_5_2710_BUFG                           |               |                  |               24 |             32 |         1.33 |
|  n_6_21857_BUFG                          |               |                  |               28 |             32 |         1.14 |
|  n_7_2709_BUFG                           |               |                  |               22 |             32 |         1.45 |
|  n_8_21858_BUFG                          |               |                  |               24 |             32 |         1.33 |
|  n_9_2708_BUFG                           |               |                  |               25 |             32 |         1.28 |
|  ob_reg[10][f_value][31]_i_2_n_12_BUFGCE |               |                  |               30 |             32 |         1.07 |
|  ob_reg[11][f_value][31]_i_2_n_12_BUFGCE |               |                  |               24 |             32 |         1.33 |
|  ob_reg[12][f_value][31]_i_2_n_12_BUFGCE |               |                  |               28 |             32 |         1.14 |
|  ob_reg[13][f_value][31]_i_2_n_12_BUFGCE |               |                  |               26 |             32 |         1.23 |
|  n_0_2717_BUFG                           |               |                  |               25 |             32 |         1.28 |
|  ob_reg[15][f_value][31]_i_2_n_12_BUFGCE |               |                  |               26 |             32 |         1.23 |
|  ob_reg[16][f_value][31]_i_2_n_12_BUFGCE |               |                  |               27 |             32 |         1.19 |
|  ob_reg[17][f_value][31]_i_2_n_12_BUFGCE |               |                  |               23 |             32 |         1.39 |
|  ob_reg[18][f_value][31]_i_2_n_12_BUFGCE |               |                  |               24 |             32 |         1.33 |
|  ob_reg[19][f_value][31]_i_2_n_12_BUFGCE |               |                  |               23 |             32 |         1.39 |
|  ob_reg[1][f_value][31]_i_2_n_12_BUFGCE  |               |                  |               13 |             32 |         2.46 |
|  ob_reg[20][f_value][31]_i_2_n_12_BUFGCE |               |                  |               27 |             32 |         1.19 |
|  ob_reg[21][f_value][31]_i_2_n_12        |               |                  |               25 |             32 |         1.28 |
|  ob_reg[26][f_value][31]_i_2_n_12        |               |                  |               31 |             32 |         1.03 |
|  ob_reg[27][f_value][31]_i_2_n_12        |               |                  |               23 |             32 |         1.39 |
|  ob_reg[2][f_value][31]_i_2_n_12         |               |                  |               14 |             32 |         2.29 |
|  ob_reg[36][f_value][31]_i_2_n_12        |               |                  |               29 |             32 |         1.10 |
|  ob_reg[37][f_value][31]_i_2_n_12        |               |                  |               25 |             32 |         1.28 |
|  ob_reg[38][f_value][31]_i_2_n_12        |               |                  |               28 |             32 |         1.14 |
+------------------------------------------+---------------+------------------+------------------+----------------+--------------+


